// Jest Snapshot v1, https://goo.gl/fbAQLP

exports[`快照测试 getServerConfig 1`] = `
{
  "host": "https://test.com",
  "port": "88",
}
`;
